  Determining projects to restore...
  All projects are up-to-date for restore.
C:\Users\pavan\PROJECTS\Exacta-App-Studio\native\Dyad.Guardian\src\Services\NamedPipeServer.cs(198,24): error CS9035: Required member 'GuardianMessage.MessageId' must be set in the object initializer or attribute constructor. [C:\Users\pavan\PROJECTS\Exacta-App-Studio\native\Dyad.Guardian\Dyad.Guardian.csproj]
C:\Users\pavan\PROJECTS\Exacta-App-Studio\native\Dyad.Guardian\src\Services\NamedPipeServer.cs(198,24): error CS9035: Required member 'GuardianMessage.Timestamp' must be set in the object initializer or attribute constructor. [C:\Users\pavan\PROJECTS\Exacta-App-Studio\native\Dyad.Guardian\Dyad.Guardian.csproj]
C:\Users\pavan\PROJECTS\Exacta-App-Studio\native\Dyad.Guardian\src\Services\NamedPipeServer.cs(209,24): error CS9035: Required member 'GuardianMessage.MessageId' must be set in the object initializer or attribute constructor. [C:\Users\pavan\PROJECTS\Exacta-App-Studio\native\Dyad.Guardian\Dyad.Guardian.csproj]
C:\Users\pavan\PROJECTS\Exacta-App-Studio\native\Dyad.Guardian\src\Services\NamedPipeServer.cs(209,24): error CS9035: Required member 'GuardianMessage.Timestamp' must be set in the object initializer or attribute constructor. [C:\Users\pavan\PROJECTS\Exacta-App-Studio\native\Dyad.Guardian\Dyad.Guardian.csproj]
C:\Users\pavan\PROJECTS\Exacta-App-Studio\native\Dyad.Guardian\src\Services\NamedPipeServer.cs(229,37): error CS9035: Required member 'GuardianMessage.MessageId' must be set in the object initializer or attribute constructor. [C:\Users\pavan\PROJECTS\Exacta-App-Studio\native\Dyad.Guardian\Dyad.Guardian.csproj]
C:\Users\pavan\PROJECTS\Exacta-App-Studio\native\Dyad.Guardian\src\Services\NamedPipeServer.cs(229,37): error CS9035: Required member 'GuardianMessage.Timestamp' must be set in the object initializer or attribute constructor. [C:\Users\pavan\PROJECTS\Exacta-App-Studio\native\Dyad.Guardian\Dyad.Guardian.csproj]
C:\Users\pavan\PROJECTS\Exacta-App-Studio\native\Dyad.Guardian\src\Services\JobObjectManager.cs(98,29): error CS1503: Argument 1: cannot convert from 'Microsoft.Win32.SafeHandles.SafeFileHandle' to 'nint' [C:\Users\pavan\PROJECTS\Exacta-App-Studio\native\Dyad.Guardian\Dyad.Guardian.csproj]
C:\Users\pavan\PROJECTS\Exacta-App-Studio\native\Dyad.Guardian\src\Services\JobObjectManager.cs(120,29): error CS1503: Argument 1: cannot convert from 'Microsoft.Win32.SafeHandles.SafeFileHandle' to 'nint' [C:\Users\pavan\PROJECTS\Exacta-App-Studio\native\Dyad.Guardian\Dyad.Guardian.csproj]
C:\Users\pavan\PROJECTS\Exacta-App-Studio\native\Dyad.Guardian\src\Services\JobObjectManager.cs(122,33): error CS1503: Argument 3: cannot convert from 'ref Dyad.Guardian.Services.JobObjectManager.JOBOBJECT_CPU_RATE_CONTROL_INFORMATION' to 'ref Dyad.Guardian.Services.JobObjectManager.JOBOBJECT_EXTENDED_LIMIT_INFORMATION' [C:\Users\pavan\PROJECTS\Exacta-App-Studio\native\Dyad.Guardian\Dyad.Guardian.csproj]

Build FAILED.

C:\Users\pavan\PROJECTS\Exacta-App-Studio\native\Dyad.Guardian\src\Services\NamedPipeServer.cs(198,24): error CS9035: Required member 'GuardianMessage.MessageId' must be set in the object initializer or attribute constructor. [C:\Users\pavan\PROJECTS\Exacta-App-Studio\native\Dyad.Guardian\Dyad.Guardian.csproj]
C:\Users\pavan\PROJECTS\Exacta-App-Studio\native\Dyad.Guardian\src\Services\NamedPipeServer.cs(198,24): error CS9035: Required member 'GuardianMessage.Timestamp' must be set in the object initializer or attribute constructor. [C:\Users\pavan\PROJECTS\Exacta-App-Studio\native\Dyad.Guardian\Dyad.Guardian.csproj]
C:\Users\pavan\PROJECTS\Exacta-App-Studio\native\Dyad.Guardian\src\Services\NamedPipeServer.cs(209,24): error CS9035: Required member 'GuardianMessage.MessageId' must be set in the object initializer or attribute constructor. [C:\Users\pavan\PROJECTS\Exacta-App-Studio\native\Dyad.Guardian\Dyad.Guardian.csproj]
C:\Users\pavan\PROJECTS\Exacta-App-Studio\native\Dyad.Guardian\src\Services\NamedPipeServer.cs(209,24): error CS9035: Required member 'GuardianMessage.Timestamp' must be set in the object initializer or attribute constructor. [C:\Users\pavan\PROJECTS\Exacta-App-Studio\native\Dyad.Guardian\Dyad.Guardian.csproj]
C:\Users\pavan\PROJECTS\Exacta-App-Studio\native\Dyad.Guardian\src\Services\NamedPipeServer.cs(229,37): error CS9035: Required member 'GuardianMessage.MessageId' must be set in the object initializer or attribute constructor. [C:\Users\pavan\PROJECTS\Exacta-App-Studio\native\Dyad.Guardian\Dyad.Guardian.csproj]
C:\Users\pavan\PROJECTS\Exacta-App-Studio\native\Dyad.Guardian\src\Services\NamedPipeServer.cs(229,37): error CS9035: Required member 'GuardianMessage.Timestamp' must be set in the object initializer or attribute constructor. [C:\Users\pavan\PROJECTS\Exacta-App-Studio\native\Dyad.Guardian\Dyad.Guardian.csproj]
C:\Users\pavan\PROJECTS\Exacta-App-Studio\native\Dyad.Guardian\src\Services\JobObjectManager.cs(98,29): error CS1503: Argument 1: cannot convert from 'Microsoft.Win32.SafeHandles.SafeFileHandle' to 'nint' [C:\Users\pavan\PROJECTS\Exacta-App-Studio\native\Dyad.Guardian\Dyad.Guardian.csproj]
C:\Users\pavan\PROJECTS\Exacta-App-Studio\native\Dyad.Guardian\src\Services\JobObjectManager.cs(120,29): error CS1503: Argument 1: cannot convert from 'Microsoft.Win32.SafeHandles.SafeFileHandle' to 'nint' [C:\Users\pavan\PROJECTS\Exacta-App-Studio\native\Dyad.Guardian\Dyad.Guardian.csproj]
C:\Users\pavan\PROJECTS\Exacta-App-Studio\native\Dyad.Guardian\src\Services\JobObjectManager.cs(122,33): error CS1503: Argument 3: cannot convert from 'ref Dyad.Guardian.Services.JobObjectManager.JOBOBJECT_CPU_RATE_CONTROL_INFORMATION' to 'ref Dyad.Guardian.Services.JobObjectManager.JOBOBJECT_EXTENDED_LIMIT_INFORMATION' [C:\Users\pavan\PROJECTS\Exacta-App-Studio\native\Dyad.Guardian\Dyad.Guardian.csproj]
    0 Warning(s)
    9 Error(s)

Time Elapsed 00:00:01.79
